// Jest Snapshot v1, https://goo.gl/fbAQLP

exports[`should render "hello world" correctly 1`] = `
<svg
  height={20}
  width={110}
>
  <SVGLetter
    char="h"
    height={20}
    key="0"
    width={10}
    x={0}
    y={0}
  />
  <SVGLetter
    char="e"
    height={20}
    key="1"
    width={10}
    x={10}
    y={0}
  />
  <SVGLetter
    char="l"
    height={20}
    key="2"
    width={10}
    x={20}
    y={0}
  />
  <SVGLetter
    char="l"
    height={20}
    key="3"
    width={10}
    x={30}
    y={0}
  />
  <SVGLetter
    char="o"
    height={20}
    key="4"
    width={10}
    x={40}
    y={0}
  />
  <SVGLetter
    char=" "
    height={20}
    key="5"
    width={10}
    x={50}
    y={0}
  />
  <SVGLetter
    char="w"
    height={20}
    key="6"
    width={10}
    x={60}
    y={0}
  />
  <SVGLetter
    char="o"
    height={20}
    key="7"
    width={10}
    x={70}
    y={0}
  />
  <SVGLetter
    char="r"
    height={20}
    key="8"
    width={10}
    x={80}
    y={0}
  />
  <SVGLetter
    char="l"
    height={20}
    key="9"
    width={10}
    x={90}
    y={0}
  />
  <SVGLetter
    char="d"
    height={20}
    key="10"
    width={10}
    x={100}
    y={0}
  />
</svg>
`;
